<?xml version="1.0" encoding="utf-8" ?>
<result>
	<row>gb</row>
	<row>ca</row>
	<row>xx</row>
	<row>ru</row>
	<row>it</row>
	<row>id</row>
	<row>fr</row>
	<row>ti</row>
	<row>mk</row>
	<row>us</row>
</result>