<?xml version="1.0" encoding="utf-8" ?>
<result>
	<row>
		<label>Europe</label>
		<nb_visits>20</nb_visits>
		<nb_actions>36</nb_actions>
		<max_actions>3</max_actions>
		<sum_visit_length>12610</sum_visit_length>
		<bounce_count>10</bounce_count>
		<goals>
			<row idgoal='1'>
				<nb_conversions>20</nb_conversions>
				<nb_visits_converted>20</nb_visits_converted>
				<revenue>100</revenue>
			</row>
			<row idgoal='2'>
				<nb_conversions>10</nb_conversions>
				<nb_visits_converted>10</nb_visits_converted>
				<revenue>50</revenue>
			</row>
		</goals>
		<nb_conversions>30</nb_conversions>
		<revenue>150</revenue>
		<sum_daily_nb_uniq_visitors>10</sum_daily_nb_uniq_visitors>
		<sum_daily_nb_users>0</sum_daily_nb_users>
		<code>Europe</code>
	</row>
	<row>
		<label>North America</label>
		<nb_visits>7</nb_visits>
		<nb_actions>11</nb_actions>
		<max_actions>3</max_actions>
		<sum_visit_length>3783</sum_visit_length>
		<bounce_count>4</bounce_count>
		<goals>
			<row idgoal='1'>
				<nb_conversions>7</nb_conversions>
				<nb_visits_converted>7</nb_visits_converted>
				<revenue>35</revenue>
			</row>
			<row idgoal='2'>
				<nb_conversions>3</nb_conversions>
				<nb_visits_converted>3</nb_visits_converted>
				<revenue>15</revenue>
			</row>
		</goals>
		<nb_conversions>10</nb_conversions>
		<revenue>50</revenue>
		<sum_daily_nb_uniq_visitors>4</sum_daily_nb_uniq_visitors>
		<sum_daily_nb_users>1</sum_daily_nb_users>
		<code>North America</code>
	</row>
	<row>
		<label>Unknown</label>
		<nb_visits>4</nb_visits>
		<nb_actions>8</nb_actions>
		<max_actions>3</max_actions>
		<sum_visit_length>2522</sum_visit_length>
		<bounce_count>2</bounce_count>
		<goals>
			<row idgoal='1'>
				<nb_conversions>4</nb_conversions>
				<nb_visits_converted>4</nb_visits_converted>
				<revenue>20</revenue>
			</row>
			<row idgoal='2'>
				<nb_conversions>2</nb_conversions>
				<nb_visits_converted>2</nb_visits_converted>
				<revenue>10</revenue>
			</row>
		</goals>
		<nb_conversions>6</nb_conversions>
		<revenue>30</revenue>
		<sum_daily_nb_uniq_visitors>2</sum_daily_nb_uniq_visitors>
		<sum_daily_nb_users>0</sum_daily_nb_users>
		<code>Unknown</code>
	</row>
	<row>
		<label>Asia</label>
		<nb_visits>4</nb_visits>
		<nb_actions>6</nb_actions>
		<max_actions>2</max_actions>
		<sum_visit_length>2522</sum_visit_length>
		<bounce_count>2</bounce_count>
		<goals>
			<row idgoal='1'>
				<nb_conversions>4</nb_conversions>
				<nb_visits_converted>4</nb_visits_converted>
				<revenue>20</revenue>
			</row>
			<row idgoal='2'>
				<nb_conversions>2</nb_conversions>
				<nb_visits_converted>2</nb_visits_converted>
				<revenue>10</revenue>
			</row>
		</goals>
		<nb_conversions>6</nb_conversions>
		<revenue>30</revenue>
		<sum_daily_nb_uniq_visitors>2</sum_daily_nb_uniq_visitors>
		<sum_daily_nb_users>0</sum_daily_nb_users>
		<code>Asia</code>
	</row>
</result>